Command line invocation:
    /Applications/Xcode.app/Contents/Developer/usr/bin/xcodebuild -project LevelFitness.xcodeproj -scheme LevelFitness -destination "platform=iOS Simulator,name=iPhone 16" build

Resolve Package Graph


Resolved source packages:
  swift-asn1: https://github.com/apple/swift-asn1.git @ 1.4.0
  swift-concurrency-extras: https://github.com/pointfreeco/swift-concurrency-extras @ 1.3.1
  swift-http-types: https://github.com/apple/swift-http-types.git @ 1.4.0
  xctest-dynamic-overlay: https://github.com/pointfreeco/xctest-dynamic-overlay @ 1.6.1
  swift-clocks: https://github.com/pointfreeco/swift-clocks @ 1.0.6
  Supabase: https://github.com/supabase/supabase-swift @ 2.31.2
  swift-crypto: https://github.com/apple/swift-crypto.git @ 3.14.0

--- xcodebuild: WARNING: Using the first of multiple matching destinations:
{ platform:iOS Simulator, arch:arm64, id:9FDC137B-E999-4C93-BCF3-010D85F78820, OS:18.5, name:iPhone 16 }
{ platform:iOS Simulator, arch:x86_64, id:9FDC137B-E999-4C93-BCF3-010D85F78820, OS:18.5, name:iPhone 16 }
ComputePackagePrebuildTargetDependencyGraph

Prepare packages

CreateBuildRequest

SendProjectDescription

CreateBuildOperation

ComputeTargetDependencyGraph
note: Building targets in dependency order
note: Target dependency graph (23 targets)
    Target 'LevelFitness' in project 'LevelFitness'
        ➜ Explicit dependency on target 'Supabase' in project 'Supabase'
    Target 'Supabase' in project 'Supabase'
        ➜ Explicit dependency on target 'Supabase' in project 'Supabase'
        ➜ Explicit dependency on target 'Functions' in project 'Supabase'
        ➜ Explicit dependency on target 'PostgREST' in project 'Supabase'
        ➜ Explicit dependency on target 'Auth' in project 'Supabase'
        ➜ Explicit dependency on target 'Realtime' in project 'Supabase'
        ➜ Explicit dependency on target 'Storage' in project 'Supabase'
        ➜ Explicit dependency on target 'Helpers' in project 'Supabase'
        ➜ Explicit dependency on target 'ConcurrencyExtras' in project 'swift-concurrency-extras'
        ➜ Explicit dependency on target 'HTTPTypes' in project 'swift-http-types'
        ➜ Explicit dependency on target 'Clocks' in project 'swift-clocks'
        ➜ Explicit dependency on target 'XCTestDynamicOverlay' in project 'xctest-dynamic-overlay'
        ➜ Explicit dependency on target 'Crypto' in project 'swift-crypto'
        ➜ Explicit dependency on target 'IssueReporting' in project 'xctest-dynamic-overlay'
    Target 'Supabase' in project 'Supabase'
        ➜ Explicit dependency on target 'Helpers' in project 'Supabase'
        ➜ Explicit dependency on target 'Auth' in project 'Supabase'
        ➜ Explicit dependency on target 'Functions' in project 'Supabase'
        ➜ Explicit dependency on target 'PostgREST' in project 'Supabase'
        ➜ Explicit dependency on target 'Realtime' in project 'Supabase'
        ➜ Explicit dependency on target 'Storage' in project 'Supabase'
        ➜ Explicit dependency on target 'ConcurrencyExtras' in project 'swift-concurrency-extras'
        ➜ Explicit dependency on target 'HTTPTypes' in project 'swift-http-types'
        ➜ Explicit dependency on target 'Clocks' in project 'swift-clocks'
        ➜ Explicit dependency on target 'XCTestDynamicOverlay' in project 'xctest-dynamic-overlay'
        ➜ Explicit dependency on target 'Crypto' in project 'swift-crypto'
        ➜ Explicit dependency on target 'IssueReporting' in project 'xctest-dynamic-overlay'
    Target 'Storage' in project 'Supabase'
        ➜ Explicit dependency on target 'Helpers' in project 'Supabase'
        ➜ Explicit dependency on target 'ConcurrencyExtras' in project 'swift-concurrency-extras'
        ➜ Explicit dependency on target 'HTTPTypes' in project 'swift-http-types'
        ➜ Explicit dependency on target 'Clocks' in project 'swift-clocks'
        ➜ Explicit dependency on target 'XCTestDynamicOverlay' in project 'xctest-dynamic-overlay'
    Target 'Realtime' in project 'Supabase'
        ➜ Explicit dependency on target 'Helpers' in project 'Supabase'
        ➜ Explicit dependency on target 'ConcurrencyExtras' in project 'swift-concurrency-extras'
        ➜ Explicit dependency on target 'HTTPTypes' in project 'swift-http-types'
        ➜ Explicit dependency on target 'Clocks' in project 'swift-clocks'
        ➜ Explicit dependency on target 'XCTestDynamicOverlay' in project 'xctest-dynamic-overlay'
        ➜ Explicit dependency on target 'IssueReporting' in project 'xctest-dynamic-overlay'
    Target 'PostgREST' in project 'Supabase'
        ➜ Explicit dependency on target 'Helpers' in project 'Supabase'
        ➜ Explicit dependency on target 'ConcurrencyExtras' in project 'swift-concurrency-extras'
        ➜ Explicit dependency on target 'HTTPTypes' in project 'swift-http-types'
        ➜ Explicit dependency on target 'Clocks' in project 'swift-clocks'
        ➜ Explicit dependency on target 'XCTestDynamicOverlay' in project 'xctest-dynamic-overlay'
    Target 'Functions' in project 'Supabase'
        ➜ Explicit dependency on target 'Helpers' in project 'Supabase'
        ➜ Explicit dependency on target 'ConcurrencyExtras' in project 'swift-concurrency-extras'
        ➜ Explicit dependency on target 'HTTPTypes' in project 'swift-http-types'
        ➜ Explicit dependency on target 'Clocks' in project 'swift-clocks'
        ➜ Explicit dependency on target 'XCTestDynamicOverlay' in project 'xctest-dynamic-overlay'
    Target 'Auth' in project 'Supabase'
        ➜ Explicit dependency on target 'Helpers' in project 'Supabase'
        ➜ Explicit dependency on target 'ConcurrencyExtras' in project 'swift-concurrency-extras'
        ➜ Explicit dependency on target 'HTTPTypes' in project 'swift-http-types'
        ➜ Explicit dependency on target 'Clocks' in project 'swift-clocks'
        ➜ Explicit dependency on target 'XCTestDynamicOverlay' in project 'xctest-dynamic-overlay'
        ➜ Explicit dependency on target 'Crypto' in project 'swift-crypto'
    Target 'Crypto' in project 'swift-crypto'
        ➜ Explicit dependency on target 'Crypto' in project 'swift-crypto'
        ➜ Explicit dependency on target 'swift-crypto_Crypto' in project 'swift-crypto'
    Target 'Crypto' in project 'swift-crypto'
        ➜ Explicit dependency on target 'swift-crypto_Crypto' in project 'swift-crypto'
    Target 'swift-crypto_Crypto' in project 'swift-crypto' (no dependencies)
    Target 'Helpers' in project 'Supabase'
        ➜ Explicit dependency on target 'ConcurrencyExtras' in project 'swift-concurrency-extras'
        ➜ Explicit dependency on target 'HTTPTypes' in project 'swift-http-types'
        ➜ Explicit dependency on target 'Clocks' in project 'swift-clocks'
        ➜ Explicit dependency on target 'XCTestDynamicOverlay' in project 'xctest-dynamic-overlay'
    Target 'XCTestDynamicOverlay' in project 'xctest-dynamic-overlay'
        ➜ Explicit dependency on target 'XCTestDynamicOverlay' in project 'xctest-dynamic-overlay'
        ➜ Explicit dependency on target 'IssueReportingPackageSupport' in project 'xctest-dynamic-overlay'
        ➜ Explicit dependency on target 'IssueReporting' in project 'xctest-dynamic-overlay'
    Target 'XCTestDynamicOverlay' in project 'xctest-dynamic-overlay'
        ➜ Explicit dependency on target 'IssueReportingPackageSupport' in project 'xctest-dynamic-overlay'
        ➜ Explicit dependency on target 'IssueReporting' in project 'xctest-dynamic-overlay'
    Target 'Clocks' in project 'swift-clocks'
        ➜ Explicit dependency on target 'Clocks' in project 'swift-clocks'
        ➜ Explicit dependency on target 'ConcurrencyExtras' in project 'swift-concurrency-extras'
        ➜ Explicit dependency on target 'IssueReporting' in project 'xctest-dynamic-overlay'
    Target 'Clocks' in project 'swift-clocks'
        ➜ Explicit dependency on target 'ConcurrencyExtras' in project 'swift-concurrency-extras'
        ➜ Explicit dependency on target 'IssueReporting' in project 'xctest-dynamic-overlay'
    Target 'IssueReporting' in project 'xctest-dynamic-overlay'
        ➜ Explicit dependency on target 'IssueReporting' in project 'xctest-dynamic-overlay'
        ➜ Explicit dependency on target 'IssueReportingPackageSupport' in project 'xctest-dynamic-overlay'
    Target 'IssueReporting' in project 'xctest-dynamic-overlay'
        ➜ Explicit dependency on target 'IssueReportingPackageSupport' in project 'xctest-dynamic-overlay'
    Target 'IssueReportingPackageSupport' in project 'xctest-dynamic-overlay' (no dependencies)
    Target 'HTTPTypes' in project 'swift-http-types'
        ➜ Explicit dependency on target 'HTTPTypes' in project 'swift-http-types'
    Target 'HTTPTypes' in project 'swift-http-types' (no dependencies)
    Target 'ConcurrencyExtras' in project 'swift-concurrency-extras'
        ➜ Explicit dependency on target 'ConcurrencyExtras' in project 'swift-concurrency-extras'
    Target 'ConcurrencyExtras' in project 'swift-concurrency-extras' (no dependencies)

GatherProvisioningInputs

CreateBuildDescription

ExecuteExternalTool /Applications/Xcode.app/Contents/Developer/Toolchains/XcodeDefault.xctoolchain/usr/bin/swiftc --version

ExecuteExternalTool /Applications/Xcode.app/Contents/Developer/Toolchains/XcodeDefault.xctoolchain/usr/bin/clang -v -E -dM -isysroot /Applications/Xcode.app/Contents/Developer/Platforms/iPhoneSimulator.platform/Developer/SDKs/iPhoneSimulator18.5.sdk -x c -c /dev/null

ExecuteExternalTool /Applications/Xcode.app/Contents/Developer/usr/bin/ibtool --version --output-format xml1

ExecuteExternalTool /Applications/Xcode.app/Contents/Developer/usr/bin/actool --print-asset-tag-combinations --output-format xml1 /Users/dakotabrown/LevelFitness-IOS/LevelFitness/Assets.xcassets

ExecuteExternalTool /Applications/Xcode.app/Contents/Developer/Toolchains/XcodeDefault.xctoolchain/usr/bin/ld -version_details

ReadFileContents /Applications/Xcode.app/Contents/Developer/Toolchains/XcodeDefault.xctoolchain/usr/share/docc/features.json

ExecuteExternalTool /Applications/Xcode.app/Contents/Developer/usr/bin/actool --version --output-format xml1

Build description signature: cf780ca34df674601eed4ba13953cda3
Build description path: /Users/dakotabrown/Library/Developer/Xcode/DerivedData/LevelFitness-fkiitzvhhfbsekdujvliyktdgluz/Build/Intermediates.noindex/XCBuildData/cf780ca34df674601eed4ba13953cda3.xcbuilddata
ClangStatCache /Applications/Xcode.app/Contents/Developer/Toolchains/XcodeDefault.xctoolchain/usr/bin/clang-stat-cache /Applications/Xcode.app/Contents/Developer/Platforms/iPhoneSimulator.platform/Developer/SDKs/iPhoneSimulator18.5.sdk /Users/dakotabrown/Library/Developer/Xcode/DerivedData/SDKStatCaches.noindex/iphonesimulator18.5-22F76-d5fc8ad4295d2ef488fb7d0f804ce0c4.sdkstatcache
    cd /Users/dakotabrown/LevelFitness-IOS/LevelFitness.xcodeproj
    /Applications/Xcode.app/Contents/Developer/Toolchains/XcodeDefault.xctoolchain/usr/bin/clang-stat-cache /Applications/Xcode.app/Contents/Developer/Platforms/iPhoneSimulator.platform/Developer/SDKs/iPhoneSimulator18.5.sdk -o /Users/dakotabrown/Library/Developer/Xcode/DerivedData/SDKStatCaches.noindex/iphonesimulator18.5-22F76-d5fc8ad4295d2ef488fb7d0f804ce0c4.sdkstatcache

ProcessInfoPlistFile /Users/dakotabrown/Library/Developer/Xcode/DerivedData/LevelFitness-fkiitzvhhfbsekdujvliyktdgluz/Build/Products/Debug-iphonesimulator/swift-crypto_Crypto.bundle/Info.plist /Users/dakotabrown/Library/Developer/Xcode/DerivedData/LevelFitness-fkiitzvhhfbsekdujvliyktdgluz/Build/Intermediates.noindex/swift-crypto.build/Debug-iphonesimulator/swift-crypto_Crypto.build/empty-swift-crypto_Crypto.plist (in target 'swift-crypto_Crypto' from project 'swift-crypto')
    cd /Users/dakotabrown/Library/Developer/Xcode/DerivedData/LevelFitness-fkiitzvhhfbsekdujvliyktdgluz/SourcePackages/checkouts/swift-crypto
    builtin-infoPlistUtility /Users/dakotabrown/Library/Developer/Xcode/DerivedData/LevelFitness-fkiitzvhhfbsekdujvliyktdgluz/Build/Intermediates.noindex/swift-crypto.build/Debug-iphonesimulator/swift-crypto_Crypto.build/empty-swift-crypto_Crypto.plist -producttype com.apple.product-type.bundle -expandbuildsettings -format binary -platform iphonesimulator -o /Users/dakotabrown/Library/Developer/Xcode/DerivedData/LevelFitness-fkiitzvhhfbsekdujvliyktdgluz/Build/Products/Debug-iphonesimulator/swift-crypto_Crypto.bundle/Info.plist

ProcessProductPackaging /Users/dakotabrown/LevelFitness-IOS/LevelFitness/LevelFitness.entitlements /Users/dakotabrown/Library/Developer/Xcode/DerivedData/LevelFitness-fkiitzvhhfbsekdujvliyktdgluz/Build/Intermediates.noindex/LevelFitness.build/Debug-iphonesimulator/LevelFitness.build/LevelFitness.app.xcent (in target 'LevelFitness' from project 'LevelFitness')
    cd /Users/dakotabrown/LevelFitness-IOS
    
    Entitlements:
    
    {
}
    
    builtin-productPackagingUtility /Users/dakotabrown/LevelFitness-IOS/LevelFitness/LevelFitness.entitlements -entitlements -format xml -o /Users/dakotabrown/Library/Developer/Xcode/DerivedData/LevelFitness-fkiitzvhhfbsekdujvliyktdgluz/Build/Intermediates.noindex/LevelFitness.build/Debug-iphonesimulator/LevelFitness.build/LevelFitness.app.xcent

ProcessProductPackaging /Users/dakotabrown/LevelFitness-IOS/LevelFitness/LevelFitness.entitlements /Users/dakotabrown/Library/Developer/Xcode/DerivedData/LevelFitness-fkiitzvhhfbsekdujvliyktdgluz/Build/Intermediates.noindex/LevelFitness.build/Debug-iphonesimulator/LevelFitness.build/LevelFitness.app-Simulated.xcent (in target 'LevelFitness' from project 'LevelFitness')
    cd /Users/dakotabrown/LevelFitness-IOS
    
    Entitlements:
    
    {
    "application-identifier" = "SF8967F5M9.com.levelfitness.LevelFitness";
    "com.apple.developer.applesignin" =     (
        Default
    );
    "com.apple.developer.healthkit" = 1;
    "com.apple.developer.healthkit.access" =     (
    );
}
    
    builtin-productPackagingUtility /Users/dakotabrown/LevelFitness-IOS/LevelFitness/LevelFitness.entitlements -entitlements -format xml -o /Users/dakotabrown/Library/Developer/Xcode/DerivedData/LevelFitness-fkiitzvhhfbsekdujvliyktdgluz/Build/Intermediates.noindex/LevelFitness.build/Debug-iphonesimulator/LevelFitness.build/LevelFitness.app-Simulated.xcent

SwiftDriver Auth normal arm64 com.apple.xcode.tools.swift.compiler (in target 'Auth' from project 'Supabase')
    cd /Users/dakotabrown/LevelFitness-IOS/LevelFitness.xcodeproj
    builtin-SwiftDriver -- /Applications/Xcode.app/Contents/Developer/Toolchains/XcodeDefault.xctoolchain/usr/bin/swiftc -module-name Auth -Onone -enforce-exclusivity\=checked @/Users/dakotabrown/Library/Developer/Xcode/DerivedData/LevelFitness-fkiitzvhhfbsekdujvliyktdgluz/Build/Intermediates.noindex/Supabase.build/Debug-iphonesimulator/Auth.build/Objects-normal/arm64/Auth.SwiftFileList -DSWIFT_PACKAGE -DDEBUG -DXcode -enable-upcoming-feature ExistentialAny -enable-experimental-feature StrictConcurrency -plugin-path /Applications/Xcode.app/Contents/Developer/Toolchains/XcodeDefault.xctoolchain/usr/lib/swift/host/plugins/testing -enable-experimental-feature DebugDescriptionMacro -sdk /Applications/Xcode.app/Contents/Developer/Platforms/iPhoneSimulator.platform/Developer/SDKs/iPhoneSimulator18.5.sdk -target arm64-apple-ios13.0-simulator -g -module-cache-path /Users/dakotabrown/Library/Developer/Xcode/DerivedData/ModuleCache.noindex -Xfrontend -serialize-debugging-options -enable-testing -suppress-warnings -index-store-path /Users/dakotabrown/Library/Developer/Xcode/DerivedData/LevelFitness-fkiitzvhhfbsekdujvliyktdgluz/Index.noindex/DataStore -swift-version 5 -I /Users/dakotabrown/Library/Developer/Xcode/DerivedData/LevelFitness-fkiitzvhhfbsekdujvliyktdgluz/Build/Products/Debug-iphonesimulator -I /Applications/Xcode.app/Contents/Developer/Platforms/iPhoneSimulator.platform/Developer/usr/lib -F /Users/dakotabrown/Library/Developer/Xcode/DerivedData/LevelFitness-fkiitzvhhfbsekdujvliyktdgluz/Build/Products/Debug-iphonesimulator/PackageFrameworks -F /Users/dakotabrown/Library/Developer/Xcode/DerivedData/LevelFitness-fkiitzvhhfbsekdujvliyktdgluz/Build/Products/Debug-iphonesimulator/PackageFrameworks -F /Users/dakotabrown/Library/Developer/Xcode/DerivedData/LevelFitness-fkiitzvhhfbsekdujvliyktdgluz/Build/Products/Debug-iphonesimulator/PackageFrameworks -F /Users/dakotabrown/Library/Developer/Xcode/DerivedData/LevelFitness-fkiitzvhhfbsekdujvliyktdgluz/Build/Products/Debug-iphonesimulator/PackageFrameworks -F /Users/dakotabrown/Library/Developer/Xcode/DerivedData/LevelFitness-fkiitzvhhfbsekdujvliyktdgluz/Build/Products/Debug-iphonesimulator/PackageFrameworks -F /Users/dakotabrown/Library/Developer/Xcode/DerivedData/LevelFitness-fkiitzvhhfbsekdujvliyktdgluz/Build/Products/Debug-iphonesimulator/PackageFrameworks -F /Users/dakotabrown/Library/Developer/Xcode/DerivedData/LevelFitness-fkiitzvhhfbsekdujvliyktdgluz/Build/Products/Debug-iphonesimulator/PackageFrameworks -F /Users/dakotabrown/Library/Developer/Xcode/DerivedData/LevelFitness-fkiitzvhhfbsekdujvliyktdgluz/Build/Products/Debug-iphonesimulator/PackageFrameworks -F /Users/dakotabrown/Library/Developer/Xcode/DerivedData/LevelFitness-fkiitzvhhfbsekdujvliyktdgluz/Build/Products/Debug-iphonesimulator -F /Applications/Xcode.app/Contents/Developer/Platforms/iPhoneSimulator.platform/Developer/Library/Frameworks -F /Applications/Xcode.app/Contents/Developer/Platforms/iPhoneSimulator.platform/Developer/SDKs/iPhoneSimulator18.5.sdk/Developer/Library/Frameworks -c -j10 -enable-batch-mode -incremental -Xcc -ivfsstatcache -Xcc /Users/dakotabrown/Library/Developer/Xcode/DerivedData/SDKStatCaches.noindex/iphonesimulator18.5-22F76-d5fc8ad4295d2ef488fb7d0f804ce0c4.sdkstatcache -output-file-map /Users/dakotabrown/Library/Developer/Xcode/DerivedData/LevelFitness-fkiitzvhhfbsekdujvliyktdgluz/Build/Intermediates.noindex/Supabase.build/Debug-iphonesimulator/Auth.build/Objects-normal/arm64/Auth-OutputFileMap.json -use-frontend-parseable-output -save-temps -no-color-diagnostics -serialize-diagnostics -emit-dependencies -emit-module -emit-module-path /Users/dakotabrown/Library/Developer/Xcode/DerivedData/LevelFitness-fkiitzvhhfbsekdujvliyktdgluz/Build/Intermediates.noindex/Supabase.build/Debug-iphonesimulator/Auth.build/Objects-normal/arm64/Auth.swiftmodule -validate-clang-modules-once -clang-build-session-file /Users/dakotabrown/Library/Developer/Xcode/DerivedData/ModuleCache.noindex/Session.modulevalidation -package-name supabase_swift -Xcc -I/Users/dakotabrown/Library/Developer/Xcode/DerivedData/LevelFitness-fkiitzvhhfbsekdujvliyktdgluz/Build/Intermediates.noindex/Supabase.build/Debug-iphonesimulator/Auth.build/swift-overrides.hmap -emit-const-values -Xfrontend -const-gather-protocols-file -Xfrontend /Users/dakotabrown/Library/Developer/Xcode/DerivedData/LevelFitness-fkiitzvhhfbsekdujvliyktdgluz/Build/Intermediates.noindex/Supabase.build/Debug-iphonesimulator/Auth.build/Objects-normal/arm64/Auth_const_extract_protocols.json -Xcc -I/Users/dakotabrown/Library/Developer/Xcode/DerivedData/LevelFitness-fkiitzvhhfbsekdujvliyktdgluz/Build/Products/Debug-iphonesimulator/include -Xcc -I/Users/dakotabrown/Library/Developer/Xcode/DerivedData/LevelFitness-fkiitzvhhfbsekdujvliyktdgluz/Build/Intermediates.noindex/Supabase.build/Debug-iphonesimulator/Auth.build/DerivedSources-normal/arm64 -Xcc -I/Users/dakotabrown/Library/Developer/Xcode/DerivedData/LevelFitness-fkiitzvhhfbsekdujvliyktdgluz/Build/Intermediates.noindex/Supabase.build/Debug-iphonesimulator/Auth.build/DerivedSources/arm64 -Xcc -I/Users/dakotabrown/Library/Developer/Xcode/DerivedData/LevelFitness-fkiitzvhhfbsekdujvliyktdgluz/Build/Intermediates.noindex/Supabase.build/Debug-iphonesimulator/Auth.build/DerivedSources -Xcc -DSWIFT_PACKAGE -Xcc -DDEBUG\=1 -emit-objc-header -emit-objc-header-path /Users/dakotabrown/Library/Developer/Xcode/DerivedData/LevelFitness-fkiitzvhhfbsekdujvliyktdgluz/Build/Intermediates.noindex/Supabase.build/Debug-iphonesimulator/Auth.build/Objects-normal/arm64/Auth-Swift.h -working-directory /Users/dakotabrown/LevelFitness-IOS/LevelFitness.xcodeproj -experimental-emit-module-separately -disable-cmo

ProcessProductPackagingDER /Users/dakotabrown/Library/Developer/Xcode/DerivedData/LevelFitness-fkiitzvhhfbsekdujvliyktdgluz/Build/Intermediates.noindex/LevelFitness.build/Debug-iphonesimulator/LevelFitness.build/LevelFitness.app-Simulated.xcent /Users/dakotabrown/Library/Developer/Xcode/DerivedData/LevelFitness-fkiitzvhhfbsekdujvliyktdgluz/Build/Intermediates.noindex/LevelFitness.build/Debug-iphonesimulator/LevelFitness.build/LevelFitness.app-Simulated.xcent.der (in target 'LevelFitness' from project 'LevelFitness')
    cd /Users/dakotabrown/LevelFitness-IOS
    /usr/bin/derq query -f xml -i /Users/dakotabrown/Library/Developer/Xcode/DerivedData/LevelFitness-fkiitzvhhfbsekdujvliyktdgluz/Build/Intermediates.noindex/LevelFitness.build/Debug-iphonesimulator/LevelFitness.build/LevelFitness.app-Simulated.xcent -o /Users/dakotabrown/Library/Developer/Xcode/DerivedData/LevelFitness-fkiitzvhhfbsekdujvliyktdgluz/Build/Intermediates.noindex/LevelFitness.build/Debug-iphonesimulator/LevelFitness.build/LevelFitness.app-Simulated.xcent.der --raw

ProcessProductPackagingDER /Users/dakotabrown/Library/Developer/Xcode/DerivedData/LevelFitness-fkiitzvhhfbsekdujvliyktdgluz/Build/Intermediates.noindex/LevelFitness.build/Debug-iphonesimulator/LevelFitness.build/LevelFitness.app.xcent /Users/dakotabrown/Library/Developer/Xcode/DerivedData/LevelFitness-fkiitzvhhfbsekdujvliyktdgluz/Build/Intermediates.noindex/LevelFitness.build/Debug-iphonesimulator/LevelFitness.build/LevelFitness.app.xcent.der (in target 'LevelFitness' from project 'LevelFitness')
    cd /Users/dakotabrown/LevelFitness-IOS
    /usr/bin/derq query -f xml -i /Users/dakotabrown/Library/Developer/Xcode/DerivedData/LevelFitness-fkiitzvhhfbsekdujvliyktdgluz/Build/Intermediates.noindex/LevelFitness.build/Debug-iphonesimulator/LevelFitness.build/LevelFitness.app.xcent -o /Users/dakotabrown/Library/Developer/Xcode/DerivedData/LevelFitness-fkiitzvhhfbsekdujvliyktdgluz/Build/Intermediates.noindex/LevelFitness.build/Debug-iphonesimulator/LevelFitness.build/LevelFitness.app.xcent.der --raw

SwiftDriver LevelFitness normal arm64 com.apple.xcode.tools.swift.compiler (in target 'LevelFitness' from project 'LevelFitness')
    cd /Users/dakotabrown/LevelFitness-IOS
    builtin-SwiftDriver -- /Applications/Xcode.app/Contents/Developer/Toolchains/XcodeDefault.xctoolchain/usr/bin/swiftc -module-name LevelFitness -Onone -enforce-exclusivity\=checked @/Users/dakotabrown/Library/Developer/Xcode/DerivedData/LevelFitness-fkiitzvhhfbsekdujvliyktdgluz/Build/Intermediates.noindex/LevelFitness.build/Debug-iphonesimulator/LevelFitness.build/Objects-normal/arm64/LevelFitness.SwiftFileList -DDEBUG -enable-bare-slash-regex -enable-experimental-feature DebugDescriptionMacro -sdk /Applications/Xcode.app/Contents/Developer/Platforms/iPhoneSimulator.platform/Developer/SDKs/iPhoneSimulator18.5.sdk -target arm64-apple-ios15.0-simulator -g -module-cache-path /Users/dakotabrown/Library/Developer/Xcode/DerivedData/ModuleCache.noindex -Xfrontend -serialize-debugging-options -enable-testing -index-store-path /Users/dakotabrown/Library/Developer/Xcode/DerivedData/LevelFitness-fkiitzvhhfbsekdujvliyktdgluz/Index.noindex/DataStore -swift-version 5 -I /Users/dakotabrown/Library/Developer/Xcode/DerivedData/LevelFitness-fkiitzvhhfbsekdujvliyktdgluz/Build/Products/Debug-iphonesimulator -F /Users/dakotabrown/Library/Developer/Xcode/DerivedData/LevelFitness-fkiitzvhhfbsekdujvliyktdgluz/Build/Products/Debug-iphonesimulator/PackageFrameworks -F /Users/dakotabrown/Library/Developer/Xcode/DerivedData/LevelFitness-fkiitzvhhfbsekdujvliyktdgluz/Build/Products/Debug-iphonesimulator/PackageFrameworks -F /Users/dakotabrown/Library/Developer/Xcode/DerivedData/LevelFitness-fkiitzvhhfbsekdujvliyktdgluz/Build/Products/Debug-iphonesimulator/PackageFrameworks -F /Users/dakotabrown/Library/Developer/Xcode/DerivedData/LevelFitness-fkiitzvhhfbsekdujvliyktdgluz/Build/Products/Debug-iphonesimulator/PackageFrameworks -F /Users/dakotabrown/Library/Developer/Xcode/DerivedData/LevelFitness-fkiitzvhhfbsekdujvliyktdgluz/Build/Products/Debug-iphonesimulator/PackageFrameworks -F /Users/dakotabrown/Library/Developer/Xcode/DerivedData/LevelFitness-fkiitzvhhfbsekdujvliyktdgluz/Build/Products/Debug-iphonesimulator/PackageFrameworks -F /Users/dakotabrown/Library/Developer/Xcode/DerivedData/LevelFitness-fkiitzvhhfbsekdujvliyktdgluz/Build/Products/Debug-iphonesimulator/PackageFrameworks -F /Users/dakotabrown/Library/Developer/Xcode/DerivedData/LevelFitness-fkiitzvhhfbsekdujvliyktdgluz/Build/Products/Debug-iphonesimulator/PackageFrameworks -F /Users/dakotabrown/Library/Developer/Xcode/DerivedData/LevelFitness-fkiitzvhhfbsekdujvliyktdgluz/Build/Products/Debug-iphonesimulator/PackageFrameworks -F /Users/dakotabrown/Library/Developer/Xcode/DerivedData/LevelFitness-fkiitzvhhfbsekdujvliyktdgluz/Build/Products/Debug-iphonesimulator/PackageFrameworks -F /Users/dakotabrown/Library/Developer/Xcode/DerivedData/LevelFitness-fkiitzvhhfbsekdujvliyktdgluz/Build/Products/Debug-iphonesimulator/PackageFrameworks -F /Users/dakotabrown/Library/Developer/Xcode/DerivedData/LevelFitness-fkiitzvhhfbsekdujvliyktdgluz/Build/Products/Debug-iphonesimulator/PackageFrameworks -F /Users/dakotabrown/Library/Developer/Xcode/DerivedData/LevelFitness-fkiitzvhhfbsekdujvliyktdgluz/Build/Products/Debug-iphonesimulator/PackageFrameworks -F /Users/dakotabrown/Library/Developer/Xcode/DerivedData/LevelFitness-fkiitzvhhfbsekdujvliyktdgluz/Build/Products/Debug-iphonesimulator/PackageFrameworks -F /Users/dakotabrown/Library/Developer/Xcode/DerivedData/LevelFitness-fkiitzvhhfbsekdujvliyktdgluz/Build/Products/Debug-iphonesimulator -emit-localized-strings -emit-localized-strings-path /Users/dakotabrown/Library/Developer/Xcode/DerivedData/LevelFitness-fkiitzvhhfbsekdujvliyktdgluz/Build/Intermediates.noindex/LevelFitness.build/Debug-iphonesimulator/LevelFitness.build/Objects-normal/arm64 -c -j10 -enable-batch-mode -incremental -Xcc -ivfsstatcache -Xcc /Users/dakotabrown/Library/Developer/Xcode/DerivedData/SDKStatCaches.noindex/iphonesimulator18.5-22F76-d5fc8ad4295d2ef488fb7d0f804ce0c4.sdkstatcache -output-file-map /Users/dakotabrown/Library/Developer/Xcode/DerivedData/LevelFitness-fkiitzvhhfbsekdujvliyktdgluz/Build/Intermediates.noindex/LevelFitness.build/Debug-iphonesimulator/LevelFitness.build/Objects-normal/arm64/LevelFitness-OutputFileMap.json -use-frontend-parseable-output -save-temps -no-color-diagnostics -serialize-diagnostics -emit-dependencies -emit-module -emit-module-path /Users/dakotabrown/Library/Developer/Xcode/DerivedData/LevelFitness-fkiitzvhhfbsekdujvliyktdgluz/Build/Intermediates.noindex/LevelFitness.build/Debug-iphonesimulator/LevelFitness.build/Objects-normal/arm64/LevelFitness.swiftmodule -validate-clang-modules-once -clang-build-session-file /Users/dakotabrown/Library/Developer/Xcode/DerivedData/ModuleCache.noindex/Session.modulevalidation -Xcc -I/Users/dakotabrown/Library/Developer/Xcode/DerivedData/LevelFitness-fkiitzvhhfbsekdujvliyktdgluz/Build/Intermediates.noindex/LevelFitness.build/Debug-iphonesimulator/LevelFitness.build/swift-overrides.hmap -emit-const-values -Xfrontend -const-gather-protocols-file -Xfrontend /Users/dakotabrown/Library/Developer/Xcode/DerivedData/LevelFitness-fkiitzvhhfbsekdujvliyktdgluz/Build/Intermediates.noindex/LevelFitness.build/Debug-iphonesimulator/LevelFitness.build/Objects-normal/arm64/LevelFitness_const_extract_protocols.json -Xcc -iquote -Xcc /Users/dakotabrown/Library/Developer/Xcode/DerivedData/LevelFitness-fkiitzvhhfbsekdujvliyktdgluz/Build/Intermediates.noindex/LevelFitness.build/Debug-iphonesimulator/LevelFitness.build/LevelFitness-generated-files.hmap -Xcc -I/Users/dakotabrown/Library/Developer/Xcode/DerivedData/LevelFitness-fkiitzvhhfbsekdujvliyktdgluz/Build/Intermediates.noindex/LevelFitness.build/Debug-iphonesimulator/LevelFitness.build/LevelFitness-own-target-headers.hmap -Xcc -I/Users/dakotabrown/Library/Developer/Xcode/DerivedData/LevelFitness-fkiitzvhhfbsekdujvliyktdgluz/Build/Intermediates.noindex/LevelFitness.build/Debug-iphonesimulator/LevelFitness.build/LevelFitness-all-non-framework-target-headers.hmap -Xcc -ivfsoverlay -Xcc /Users/dakotabrown/Library/Developer/Xcode/DerivedData/LevelFitness-fkiitzvhhfbsekdujvliyktdgluz/Build/Intermediates.noindex/LevelFitness.build/Debug-iphonesimulator/LevelFitness-0b5dc75180e845f4b4874c4ee0a5d9fa-VFS-iphonesimulator/all-product-headers.yaml -Xcc -iquote -Xcc /Users/dakotabrown/Library/Developer/Xcode/DerivedData/LevelFitness-fkiitzvhhfbsekdujvliyktdgluz/Build/Intermediates.noindex/LevelFitness.build/Debug-iphonesimulator/LevelFitness.build/LevelFitness-project-headers.hmap -Xcc -I/Users/dakotabrown/Library/Developer/Xcode/DerivedData/LevelFitness-fkiitzvhhfbsekdujvliyktdgluz/Build/Products/Debug-iphonesimulator/include -Xcc -I/Users/dakotabrown/Library/Developer/Xcode/DerivedData/LevelFitness-fkiitzvhhfbsekdujvliyktdgluz/Build/Intermediates.noindex/LevelFitness.build/Debug-iphonesimulator/LevelFitness.build/DerivedSources-normal/arm64 -Xcc -I/Users/dakotabrown/Library/Developer/Xcode/DerivedData/LevelFitness-fkiitzvhhfbsekdujvliyktdgluz/Build/Intermediates.noindex/LevelFitness.build/Debug-iphonesimulator/LevelFitness.build/DerivedSources/arm64 -Xcc -I/Users/dakotabrown/Library/Developer/Xcode/DerivedData/LevelFitness-fkiitzvhhfbsekdujvliyktdgluz/Build/Intermediates.noindex/LevelFitness.build/Debug-iphonesimulator/LevelFitness.build/DerivedSources -Xcc -DDEBUG\=1 -emit-objc-header -emit-objc-header-path /Users/dakotabrown/Library/Developer/Xcode/DerivedData/LevelFitness-fkiitzvhhfbsekdujvliyktdgluz/Build/Intermediates.noindex/LevelFitness.build/Debug-iphonesimulator/LevelFitness.build/Objects-normal/arm64/LevelFitness-Swift.h -working-directory /Users/dakotabrown/LevelFitness-IOS -experimental-emit-module-separately -disable-cmo

CompileAssetCatalogVariant thinned /Users/dakotabrown/Library/Developer/Xcode/DerivedData/LevelFitness-fkiitzvhhfbsekdujvliyktdgluz/Build/Products/Debug-iphonesimulator/LevelFitness.app /Users/dakotabrown/LevelFitness-IOS/LevelFitness/Assets.xcassets (in target 'LevelFitness' from project 'LevelFitness')
    cd /Users/dakotabrown/LevelFitness-IOS
    /Applications/Xcode.app/Contents/Developer/usr/bin/actool /Users/dakotabrown/LevelFitness-IOS/LevelFitness/Assets.xcassets --compile /Users/dakotabrown/Library/Developer/Xcode/DerivedData/LevelFitness-fkiitzvhhfbsekdujvliyktdgluz/Build/Intermediates.noindex/LevelFitness.build/Debug-iphonesimulator/LevelFitness.build/assetcatalog_output/thinned --output-format human-readable-text --notices --warnings --export-dependency-info /Users/dakotabrown/Library/Developer/Xcode/DerivedData/LevelFitness-fkiitzvhhfbsekdujvliyktdgluz/Build/Intermediates.noindex/LevelFitness.build/Debug-iphonesimulator/LevelFitness.build/assetcatalog_dependencies_thinned --output-partial-info-plist /Users/dakotabrown/Library/Developer/Xcode/DerivedData/LevelFitness-fkiitzvhhfbsekdujvliyktdgluz/Build/Intermediates.noindex/LevelFitness.build/Debug-iphonesimulator/LevelFitness.build/assetcatalog_generated_info.plist_thinned --app-icon AppIcon --accent-color AccentColor --compress-pngs --enable-on-demand-resources YES --filter-for-thinning-device-configuration iPhone17,3 --filter-for-device-os-version 18.5 --development-region en --target-device iphone --target-device ipad --minimum-deployment-target 15.0 --platform iphonesimulator

SwiftCompile normal arm64 Compiling\ TeamsViewController.swift,\ TeamCard.swift,\ TeamDetailViewController.swift,\ MessageView.swift,\ MessageInputView.swift,\ ChallengeCard.swift /Users/dakotabrown/LevelFitness-IOS/LevelFitness/TeamsViewController.swift /Users/dakotabrown/LevelFitness-IOS/LevelFitness/TeamCard.swift /Users/dakotabrown/LevelFitness-IOS/LevelFitness/TeamDetailViewController.swift /Users/dakotabrown/LevelFitness-IOS/LevelFitness/MessageView.swift /Users/dakotabrown/LevelFitness-IOS/LevelFitness/MessageInputView.swift /Users/dakotabrown/LevelFitness-IOS/LevelFitness/ChallengeCard.swift (in target 'LevelFitness' from project 'LevelFitness')
SwiftCompile normal arm64 /Users/dakotabrown/LevelFitness-IOS/LevelFitness/TeamsViewController.swift (in target 'LevelFitness' from project 'LevelFitness')
    cd /Users/dakotabrown/LevelFitness-IOS
    

SwiftCompile normal arm64 /Users/dakotabrown/LevelFitness-IOS/LevelFitness/TeamCard.swift (in target 'LevelFitness' from project 'LevelFitness')
    cd /Users/dakotabrown/LevelFitness-IOS
    

SwiftCompile normal arm64 /Users/dakotabrown/LevelFitness-IOS/LevelFitness/TeamDetailViewController.swift (in target 'LevelFitness' from project 'LevelFitness')
    cd /Users/dakotabrown/LevelFitness-IOS
    

SwiftCompile normal arm64 /Users/dakotabrown/LevelFitness-IOS/LevelFitness/MessageView.swift (in target 'LevelFitness' from project 'LevelFitness')
    cd /Users/dakotabrown/LevelFitness-IOS
    

SwiftCompile normal arm64 /Users/dakotabrown/LevelFitness-IOS/LevelFitness/MessageInputView.swift (in target 'LevelFitness' from project 'LevelFitness')
    cd /Users/dakotabrown/LevelFitness-IOS
    

SwiftCompile normal arm64 /Users/dakotabrown/LevelFitness-IOS/LevelFitness/ChallengeCard.swift (in target 'LevelFitness' from project 'LevelFitness')
    cd /Users/dakotabrown/LevelFitness-IOS
    

SwiftCompile normal arm64 Compiling\ EventCard.swift,\ TeamDetailChatViewController.swift,\ TeamDetailChallengesViewController.swift,\ TeamDetailEventsViewController.swift,\ TeamDetailHeaderView.swift,\ TeamDetailAboutSection.swift /Users/dakotabrown/LevelFitness-IOS/LevelFitness/EventCard.swift /Users/dakotabrown/LevelFitness-IOS/LevelFitness/TeamDetailChatViewController.swift /Users/dakotabrown/LevelFitness-IOS/LevelFitness/TeamDetailChallengesViewController.swift /Users/dakotabrown/LevelFitness-IOS/LevelFitness/TeamDetailEventsViewController.swift /Users/dakotabrown/LevelFitness-IOS/LevelFitness/TeamDetailHeaderView.swift /Users/dakotabrown/LevelFitness-IOS/LevelFitness/TeamDetailAboutSection.swift (in target 'LevelFitness' from project 'LevelFitness')
SwiftCompile normal arm64 /Users/dakotabrown/LevelFitness-IOS/LevelFitness/EventCard.swift (in target 'LevelFitness' from project 'LevelFitness')
    cd /Users/dakotabrown/LevelFitness-IOS
    

SwiftCompile normal arm64 /Users/dakotabrown/LevelFitness-IOS/LevelFitness/TeamDetailChatViewController.swift (in target 'LevelFitness' from project 'LevelFitness')
    cd /Users/dakotabrown/LevelFitness-IOS
    

SwiftCompile normal arm64 /Users/dakotabrown/LevelFitness-IOS/LevelFitness/TeamDetailChallengesViewController.swift (in target 'LevelFitness' from project 'LevelFitness')
    cd /Users/dakotabrown/LevelFitness-IOS
    

SwiftCompile normal arm64 /Users/dakotabrown/LevelFitness-IOS/LevelFitness/TeamDetailEventsViewController.swift (in target 'LevelFitness' from project 'LevelFitness')
    cd /Users/dakotabrown/LevelFitness-IOS
    

SwiftCompile normal arm64 /Users/dakotabrown/LevelFitness-IOS/LevelFitness/TeamDetailHeaderView.swift (in target 'LevelFitness' from project 'LevelFitness')
    cd /Users/dakotabrown/LevelFitness-IOS
    

SwiftCompile normal arm64 /Users/dakotabrown/LevelFitness-IOS/LevelFitness/TeamDetailAboutSection.swift (in target 'LevelFitness' from project 'LevelFitness')
    cd /Users/dakotabrown/LevelFitness-IOS
    

SwiftCompile normal arm64 Compiling\ LightningWalletManager.swift,\ KeychainService.swift,\ HealthKitService.swift,\ ErrorHandlingService.swift,\ NetworkMonitorService.swift,\ OfflineDataService.swift /Users/dakotabrown/LevelFitness-IOS/LevelFitness/Services/LightningWalletManager.swift /Users/dakotabrown/LevelFitness-IOS/LevelFitness/Services/KeychainService.swift /Users/dakotabrown/LevelFitness-IOS/LevelFitness/Services/HealthKitService.swift /Users/dakotabrown/LevelFitness-IOS/LevelFitness/Services/ErrorHandlingService.swift /Users/dakotabrown/LevelFitness-IOS/LevelFitness/Services/NetworkMonitorService.swift /Users/dakotabrown/LevelFitness-IOS/LevelFitness/Services/OfflineDataService.swift (in target 'LevelFitness' from project 'LevelFitness')

SwiftCompile normal arm64 /Users/dakotabrown/LevelFitness-IOS/LevelFitness/Services/LightningWalletManager.swift (in target 'LevelFitness' from project 'LevelFitness')
    cd /Users/dakotabrown/LevelFitness-IOS
    

SwiftCompile normal arm64 /Users/dakotabrown/LevelFitness-IOS/LevelFitness/Services/KeychainService.swift (in target 'LevelFitness' from project 'LevelFitness')
    cd /Users/dakotabrown/LevelFitness-IOS
    

SwiftCompile normal arm64 /Users/dakotabrown/LevelFitness-IOS/LevelFitness/Services/HealthKitService.swift (in target 'LevelFitness' from project 'LevelFitness')
    cd /Users/dakotabrown/LevelFitness-IOS
    

SwiftCompile normal arm64 /Users/dakotabrown/LevelFitness-IOS/LevelFitness/Services/ErrorHandlingService.swift (in target 'LevelFitness' from project 'LevelFitness')
    cd /Users/dakotabrown/LevelFitness-IOS
    

SwiftCompile normal arm64 /Users/dakotabrown/LevelFitness-IOS/LevelFitness/Services/NetworkMonitorService.swift (in target 'LevelFitness' from project 'LevelFitness')
    cd /Users/dakotabrown/LevelFitness-IOS
    

SwiftCompile normal arm64 /Users/dakotabrown/LevelFitness-IOS/LevelFitness/Services/OfflineDataService.swift (in target 'LevelFitness' from project 'LevelFitness')
    cd /Users/dakotabrown/LevelFitness-IOS
    

SwiftCompile normal arm64 Compiling\ ViewController.swift,\ DesignSystem.swift,\ IconGenerator.swift,\ NavigationCard.swift,\ StatItem.swift,\ IndustrialBackgroundViews.swift /Users/dakotabrown/LevelFitness-IOS/LevelFitness/ViewController.swift /Users/dakotabrown/LevelFitness-IOS/LevelFitness/DesignSystem.swift /Users/dakotabrown/LevelFitness-IOS/LevelFitness/IconGenerator.swift /Users/dakotabrown/LevelFitness-IOS/LevelFitness/NavigationCard.swift /Users/dakotabrown/LevelFitness-IOS/LevelFitness/StatItem.swift /Users/dakotabrown/LevelFitness-IOS/LevelFitness/IndustrialBackgroundViews.swift (in target 'LevelFitness' from project 'LevelFitness')

SwiftCompile normal arm64 /Users/dakotabrown/LevelFitness-IOS/LevelFitness/ViewController.swift (in target 'LevelFitness' from project 'LevelFitness')
    cd /Users/dakotabrown/LevelFitness-IOS
    

SwiftCompile normal arm64 /Users/dakotabrown/LevelFitness-IOS/LevelFitness/DesignSystem.swift (in target 'LevelFitness' from project 'LevelFitness')
    cd /Users/dakotabrown/LevelFitness-IOS
    

SwiftCompile normal arm64 /Users/dakotabrown/LevelFitness-IOS/LevelFitness/IconGenerator.swift (in target 'LevelFitness' from project 'LevelFitness')
    cd /Users/dakotabrown/LevelFitness-IOS
    

SwiftCompile normal arm64 /Users/dakotabrown/LevelFitness-IOS/LevelFitness/NavigationCard.swift (in target 'LevelFitness' from project 'LevelFitness')
    cd /Users/dakotabrown/LevelFitness-IOS
    

SwiftCompile normal arm64 /Users/dakotabrown/LevelFitness-IOS/LevelFitness/StatItem.swift (in target 'LevelFitness' from project 'LevelFitness')
    cd /Users/dakotabrown/LevelFitness-IOS
    

SwiftCompile normal arm64 /Users/dakotabrown/LevelFitness-IOS/LevelFitness/IndustrialBackgroundViews.swift (in target 'LevelFitness' from project 'LevelFitness')
    cd /Users/dakotabrown/LevelFitness-IOS
    

SwiftCompile normal arm64 Compiling\ TeamDetailTabNavigation.swift,\ EarningsViewController.swift,\ WalletBalanceView.swift,\ WalletActionButton.swift,\ TransactionCard.swift,\ TransactionHistoryView.swift /Users/dakotabrown/LevelFitness-IOS/LevelFitness/TeamDetailTabNavigation.swift /Users/dakotabrown/LevelFitness-IOS/LevelFitness/EarningsViewController.swift /Users/dakotabrown/LevelFitness-IOS/LevelFitness/WalletBalanceView.swift /Users/dakotabrown/LevelFitness-IOS/LevelFitness/WalletActionButton.swift /Users/dakotabrown/LevelFitness-IOS/LevelFitness/TransactionCard.swift /Users/dakotabrown/LevelFitness-IOS/LevelFitness/TransactionHistoryView.swift (in target 'LevelFitness' from project 'LevelFitness')
SwiftCompile normal arm64 /Users/dakotabrown/LevelFitness-IOS/LevelFitness/TeamDetailTabNavigation.swift (in target 'LevelFitness' from project 'LevelFitness')
    cd /Users/dakotabrown/LevelFitness-IOS
    

SwiftCompile normal arm64 /Users/dakotabrown/LevelFitness-IOS/LevelFitness/EarningsViewController.swift (in target 'LevelFitness' from project 'LevelFitness')
    cd /Users/dakotabrown/LevelFitness-IOS
    

SwiftCompile normal arm64 /Users/dakotabrown/LevelFitness-IOS/LevelFitness/WalletBalanceView.swift (in target 'LevelFitness' from project 'LevelFitness')
    cd /Users/dakotabrown/LevelFitness-IOS
    

SwiftCompile normal arm64 /Users/dakotabrown/LevelFitness-IOS/LevelFitness/WalletActionButton.swift (in target 'LevelFitness' from project 'LevelFitness')
    cd /Users/dakotabrown/LevelFitness-IOS
    

SwiftCompile normal arm64 /Users/dakotabrown/LevelFitness-IOS/LevelFitness/TransactionCard.swift (in target 'LevelFitness' from project 'LevelFitness')
    cd /Users/dakotabrown/LevelFitness-IOS
    

SwiftCompile normal arm64 /Users/dakotabrown/LevelFitness-IOS/LevelFitness/TransactionHistoryView.swift (in target 'LevelFitness' from project 'LevelFitness')
    cd /Users/dakotabrown/LevelFitness-IOS
    

SwiftCompile normal arm64 Compiling\ WorkoutStatsView.swift,\ CompetitionsViewController.swift,\ CompetitionTabNavigationView.swift,\ LeagueView.swift,\ EventsView.swift,\ LeaderboardItemView.swift /Users/dakotabrown/LevelFitness-IOS/LevelFitness/WorkoutStatsView.swift /Users/dakotabrown/LevelFitness-IOS/LevelFitness/CompetitionsViewController.swift /Users/dakotabrown/LevelFitness-IOS/LevelFitness/CompetitionTabNavigationView.swift /Users/dakotabrown/LevelFitness-IOS/LevelFitness/LeagueView.swift /Users/dakotabrown/LevelFitness-IOS/LevelFitness/EventsView.swift /Users/dakotabrown/LevelFitness-IOS/LevelFitness/LeaderboardItemView.swift (in target 'LevelFitness' from project 'LevelFitness')

SwiftCompile normal arm64 /Users/dakotabrown/LevelFitness-IOS/LevelFitness/WorkoutStatsView.swift (in target 'LevelFitness' from project 'LevelFitness')
    cd /Users/dakotabrown/LevelFitness-IOS
    

SwiftCompile normal arm64 /Users/dakotabrown/LevelFitness-IOS/LevelFitness/CompetitionsViewController.swift (in target 'LevelFitness' from project 'LevelFitness')
    cd /Users/dakotabrown/LevelFitness-IOS
    

SwiftCompile normal arm64 /Users/dakotabrown/LevelFitness-IOS/LevelFitness/CompetitionTabNavigationView.swift (in target 'LevelFitness' from project 'LevelFitness')
    cd /Users/dakotabrown/LevelFitness-IOS
    

SwiftCompile normal arm64 /Users/dakotabrown/LevelFitness-IOS/LevelFitness/LeagueView.swift (in target 'LevelFitness' from project 'LevelFitness')
    cd /Users/dakotabrown/LevelFitness-IOS
    

SwiftCompile normal arm64 /Users/dakotabrown/LevelFitness-IOS/LevelFitness/EventsView.swift (in target 'LevelFitness' from project 'LevelFitness')
    cd /Users/dakotabrown/LevelFitness-IOS
    

SwiftCompile normal arm64 /Users/dakotabrown/LevelFitness-IOS/LevelFitness/LeaderboardItemView.swift (in target 'LevelFitness' from project 'LevelFitness')
    cd /Users/dakotabrown/LevelFitness-IOS
    

SwiftCompile normal arm64 Compiling\ TeamReviewStepViewController.swift,\ TeamDetailLeagueViewController.swift,\ AppDelegate.swift,\ LoginViewController.swift,\ GeneratedAssetSymbols.swift /Users/dakotabrown/LevelFitness-IOS/LevelFitness/TeamReviewStepViewController.swift /Users/dakotabrown/LevelFitness-IOS/LevelFitness/TeamDetailLeagueViewController.swift /Users/dakotabrown/LevelFitness-IOS/LevelFitness/AppDelegate.swift /Users/dakotabrown/LevelFitness-IOS/LevelFitness/LoginViewController.swift /Users/dakotabrown/Library/Developer/Xcode/DerivedData/LevelFitness-fkiitzvhhfbsekdujvliyktdgluz/Build/Intermediates.noindex/LevelFitness.build/Debug-iphonesimulator/LevelFitness.build/DerivedSources/GeneratedAssetSymbols.swift (in target 'LevelFitness' from project 'LevelFitness')
Failed frontend command:
/Applications/Xcode.app/Contents/Developer/Toolchains/XcodeDefault.xctoolchain/usr/bin/swift-frontend -frontend -c /Users/dakotabrown/LevelFitness-IOS/LevelFitness/ViewController.swift /Users/dakotabrown/LevelFitness-IOS/LevelFitness/DesignSystem.swift /Users/dakotabrown/LevelFitness-IOS/LevelFitness/IconGenerator.swift /Users/dakotabrown/LevelFitness-IOS/LevelFitness/NavigationCard.swift /Users/dakotabrown/LevelFitness-IOS/LevelFitness/StatItem.swift /Users/dakotabrown/LevelFitness-IOS/LevelFitness/IndustrialBackgroundViews.swift /Users/dakotabrown/LevelFitness-IOS/LevelFitness/TeamsViewController.swift /Users/dakotabrown/LevelFitness-IOS/LevelFitness/TeamCard.swift /Users/dakotabrown/LevelFitness-IOS/LevelFitness/TeamDetailViewController.swift /Users/dakotabrown/LevelFitness-IOS/LevelFitness/MessageView.swift /Users/dakotabrown/LevelFitness-IOS/LevelFitness/MessageInputView.swift /Users/dakotabrown/LevelFitness-IOS/LevelFitness/ChallengeCard.swift /Users/dakotabrown/LevelFitness-IOS/LevelFitness/EventCard.swift /Users/dakotabrown/LevelFitness-IOS/LevelFitness/TeamDetailChatViewController.swift /Users/dakotabrown/LevelFitness-IOS/LevelFitness/TeamDetailChallengesViewController.swift /Users/dakotabrown/LevelFitness-IOS/LevelFitness/TeamDetailEventsViewController.swift /Users/dakotabrown/LevelFitness-IOS/LevelFitness/TeamDetailHeaderView.swift /Users/dakotabrown/LevelFitness-IOS/LevelFitness/TeamDetailAboutSection.swift /Users/dakotabrown/LevelFitness-IOS/LevelFitness/TeamDetailTabNavigation.swift /Users/dakotabrown/LevelFitness-IOS/LevelFitness/EarningsViewController.swift /Users/dakotabrown/LevelFitness-IOS/LevelFitness/WalletBalanceView.swift /Users/dakotabrown/LevelFitness-IOS/LevelFitness/WalletActionButton.swift /Users/dakotabrown/LevelFitness-IOS/LevelFitness/TransactionCard.swift /Users/dakotabrown/LevelFitness-IOS/LevelFitness/TransactionHistoryView.swift /Users/dakotabrown/LevelFitness-IOS/LevelFitness/EarningsHeaderView.swift /Users/dakotabrown/LevelFitness-IOS/LevelFitness/WorkoutsViewController.swift /Users/dakotabrown/LevelFitness-IOS/LevelFitness/WorkoutTabNavigationView.swift /Users/dakotabrown/LevelFitness-IOS/LevelFitness/WorkoutCard.swift /Users/dakotabrown/LevelFitness-IOS/LevelFitness/WorkoutSyncSourceCard.swift /Users/dakotabrown/LevelFitness-IOS/LevelFitness/WorkoutSyncView.swift /Users/dakotabrown/LevelFitness-IOS/LevelFitness/WorkoutStatsView.swift /Users/dakotabrown/LevelFitness-IOS/LevelFitness/CompetitionsViewController.swift /Users/dakotabrown/LevelFitness-IOS/LevelFitness/CompetitionTabNavigationView.swift /Users/dakotabrown/LevelFitness-IOS/LevelFitness/LeagueView.swift /Users/dakotabrown/LevelFitness-IOS/LevelFitness/EventsView.swift /Users/dakotabrown/LevelFitness-IOS/LevelFitness/LeaderboardItemView.swift /Users/dakotabrown/LevelFitness-IOS/LevelFitness/StreakCardView.swift /Users/dakotabrown/LevelFitness-IOS/LevelFitness/EventCardView.swift /Users/dakotabrown/LevelFitness-IOS/LevelFitness/ChatMessageView.swift /Users/dakotabrown/LevelFitness-IOS/LevelFitness/Services/SupabaseService.swift /Users/dakotabrown/LevelFitness-IOS/LevelFitness/Services/AuthenticationService.swift /Users/dakotabrown/LevelFitness-IOS/LevelFitness/Services/CoinOSService.swift /Users/dakotabrown/LevelFitness-IOS/LevelFitness/Services/LightningWalletManager.swift /Users/dakotabrown/LevelFitness-IOS/LevelFitness/Services/KeychainService.swift /Users/dakotabrown/LevelFitness-IOS/LevelFitness/Services/HealthKitService.swift /Users/dakotabrown/LevelFitness-IOS/LevelFitness/Services/ErrorHandlingService.swift /Users/dakotabrown/LevelFitness-IOS/LevelFitness/Services/NetworkMonitorService.swift /Users/dakotabrown/LevelFitness-IOS/LevelFitness/Services/OfflineDataService.swift /Users/dakotabrown/LevelFitness-IOS/LevelFitness/Services/SubscriptionService.swift /Users/dakotabrown/LevelFitness-IOS/LevelFitness/TeamCreationWizardViewController.swift /Users/dakotabrown/LevelFitness-IOS/LevelFitness/TeamBasicInfoStepViewController.swift /Users/dakotabrown/LevelFitness-IOS/LevelFitness/TeamMetricSelectionStepViewController.swift /Users/dakotabrown/LevelFitness-IOS/LevelFitness/TeamLeaderboardSetupStepViewController.swift -primary-file /Users/dakotabrown/LevelFitness-IOS/LevelFitness/TeamReviewStepViewController.swift -primary-file /Users/dakotabrown/LevelFitness-IOS/LevelFitness/TeamDetailLeagueViewController.swift -primary-file /Users/dakotabrown/LevelFitness-IOS/LevelFitness/AppDelegate.swift -primary-file /Users/dakotabrown/LevelFitness-IOS/LevelFitness/LoginViewController.swift -primary-file /Users/dakotabrown/Library/Developer/Xcode/DerivedData/LevelFitness-fkiitzvhhfbsekdujvliyktdgluz/Build/Intermediates.noindex/LevelFitness.build/Debug-iphonesimulator/LevelFitness.build/DerivedSources/GeneratedAssetSymbols.swift -supplementary-output-file-map /Users/dakotabrown/Library/Developer/Xcode/DerivedData/LevelFitness-fkiitzvhhfbsekdujvliyktdgluz/Build/Intermediates.noindex/LevelFitness.build/Debug-iphonesimulator/LevelFitness.build/Objects-normal/arm64/supplementaryOutputs-10 -emit-localized-strings -emit-localized-strings-path /Users/dakotabrown/Library/Developer/Xcode/DerivedData/LevelFitness-fkiitzvhhfbsekdujvliyktdgluz/Build/Intermediates.noindex/LevelFitness.build/Debug-iphonesimulator/LevelFitness.build/Objects-normal/arm64 -target arm64-apple-ios15.0-simulator -Xllvm -aarch64-use-tbi -enable-objc-interop -sdk /Applications/Xcode.app/Contents/Developer/Platforms/iPhoneSimulator.platform/Developer/SDKs/iPhoneSimulator18.5.sdk -I /Users/dakotabrown/Library/Developer/Xcode/DerivedData/LevelFitness-fkiitzvhhfbsekdujvliyktdgluz/Build/Products/Debug-iphonesimulator -F /Users/dakotabrown/Library/Developer/Xcode/DerivedData/LevelFitness-fkiitzvhhfbsekdujvliyktdgluz/Build/Products/Debug-iphonesimulator/PackageFrameworks -F /Users/dakotabrown/Library/Developer/Xcode/DerivedData/LevelFitness-fkiitzvhhfbsekdujvliyktdgluz/Build/Products/Debug-iphonesimulator/PackageFrameworks -F /Users/dakotabrown/Library/Developer/Xcode/DerivedData/LevelFitness-fkiitzvhhfbsekdujvliyktdgluz/Build/Products/Debug-iphonesimulator/PackageFrameworks -F /Users/dakotabrown/Library/Developer/Xcode/DerivedData/LevelFitness-fkiitzvhhfbsekdujvliyktdgluz/Build/Products/Debug-iphonesimulator/PackageFrameworks -F /Users/dakotabrown/Library/Developer/Xcode/DerivedData/LevelFitness-fkiitzvhhfbsekdujvliyktdgluz/Build/Products/Debug-iphonesimulator/PackageFrameworks -F /Users/dakotabrown/Library/Developer/Xcode/DerivedData/LevelFitness-fkiitzvhhfbsekdujvliyktdgluz/Build/Products/Debug-iphonesimulator/PackageFrameworks -F /Users/dakotabrown/Library/Developer/Xcode/DerivedData/LevelFitness-fkiitzvhhfbsekdujvliyktdgluz/Build/Products/Debug-iphonesimulator/PackageFrameworks -F /Users/dakotabrown/Library/Developer/Xcode/DerivedData/LevelFitness-fkiitzvhhfbsekdujvliyktdgluz/Build/Products/Debug-iphonesimulator/PackageFrameworks -F /Users/dakotabrown/Library/Developer/Xcode/DerivedData/LevelFitness-fkiitzvhhfbsekdujvliyktdgluz/Build/Products/Debug-iphonesimulator/PackageFrameworks -F /Users/dakotabrown/Library/Developer/Xcode/DerivedData/LevelFitness-fkiitzvhhfbsekdujvliyktdgluz/Build/Products/Debug-iphonesimulator/PackageFrameworks -F /Users/dakotabrown/Library/Developer/Xcode/DerivedData/LevelFitness-fkiitzvhhfbsekdujvliyktdgluz/Build/Products/Debug-iphonesimulator/PackageFrameworks -F /Users/dakotabrown/Library/Developer/Xcode/DerivedData/LevelFitness-fkiitzvhhfbsekdujvliyktdgluz/Build/Products/Debug-iphonesimulator/PackageFrameworks -F /Users/dakotabrown/Library/Developer/Xcode/DerivedData/LevelFitness-fkiitzvhhfbsekdujvliyktdgluz/Build/Products/Debug-iphonesimulator/PackageFrameworks -F /Users/dakotabrown/Library/Developer/Xcode/DerivedData/LevelFitness-fkiitzvhhfbsekdujvliyktdgluz/Build/Products/Debug-iphonesimulator/PackageFrameworks -F /Users/dakotabrown/Library/Developer/Xcode/DerivedData/LevelFitness-fkiitzvhhfbsekdujvliyktdgluz/Build/Products/Debug-iphonesimulator -no-color-diagnostics -enable-testing -g -debug-info-format\=dwarf -dwarf-version\=4 -module-cache-path /Users/dakotabrown/Library/Developer/Xcode/DerivedData/ModuleCache.noindex -swift-version 5 -enforce-exclusivity\=checked -Onone -D DEBUG -serialize-debugging-options -const-gather-protocols-file /Users/dakotabrown/Library/Developer/Xcode/DerivedData/LevelFitness-fkiitzvhhfbsekdujvliyktdgluz/Build/Intermediates.noindex/LevelFitness.build/Debug-iphonesimulator/LevelFitness.build/Objects-normal/arm64/LevelFitness_const_extract_protocols.json -enable-experimental-feature DebugDescriptionMacro -enable-bare-slash-regex -empty-abi-descriptor -validate-clang-modules-once -clang-build-session-file /Users/dakotabrown/Library/Developer/Xcode/DerivedData/ModuleCache.noindex/Session.modulevalidation -Xcc -working-directory -Xcc /Users/dakotabrown/LevelFitness-IOS -resource-dir /Applications/Xcode.app/Contents/Developer/Toolchains/XcodeDefault.xctoolchain/usr/lib/swift -enable-anonymous-context-mangled-names -file-compilation-dir /Users/dakotabrown/LevelFitness-IOS -Xcc -ivfsstatcache -Xcc /Users/dakotabrown/Library/Developer/Xcode/DerivedData/SDKStatCaches.noindex/iphonesimulator18.5-22F76-d5fc8ad4295d2ef488fb7d0f804ce0c4.sdkstatcache -Xcc -I/Users/dakotabrown/Library/Developer/Xcode/DerivedData/LevelFitness-fkiitzvhhfbsekdujvliyktdgluz/Build/Intermediates.noindex/LevelFitness.build/Debug-iphonesimulator/LevelFitness.build/swift-overrides.hmap -Xcc -iquote -Xcc /Users/dakotabrown/Library/Developer/Xcode/DerivedData/LevelFitness-fkiitzvhhfbsekdujvliyktdgluz/Build/Intermediates.noindex/LevelFitness.build/Debug-iphonesimulator/LevelFitness.build/LevelFitness-generated-files.hmap -Xcc -I/Users/dakotabrown/Library/Developer/Xcode/DerivedData/LevelFitness-fkiitzvhhfbsekdujvliyktdgluz/Build/Intermediates.noindex/LevelFitness.build/Debug-iphonesimulator/LevelFitness.build/LevelFitness-own-target-headers.hmap -Xcc -I/Users/dakotabrown/Library/Developer/Xcode/DerivedData/LevelFitness-fkiitzvhhfbsekdujvliyktdgluz/Build/Intermediates.noindex/LevelFitness.build/Debug-iphonesimulator/LevelFitness.build/LevelFitness-all-non-framework-target-headers.hmap -Xcc -ivfsoverlay -Xcc /Users/dakotabrown/Library/Developer/Xcode/DerivedData/LevelFitness-fkiitzvhhfbsekdujvliyktdgluz/Build/Intermediates.noindex/LevelFitness.build/Debug-iphonesimulator/LevelFitness-0b5dc75180e845f4b4874c4ee0a5d9fa-VFS-iphonesimulator/all-product-headers.yaml -Xcc -iquote -Xcc /Users/dakotabrown/Library/Developer/Xcode/DerivedData/LevelFitness-fkiitzvhhfbsekdujvliyktdgluz/Build/Intermediates.noindex/LevelFitness.build/Debug-iphonesimulator/LevelFitness.build/LevelFitness-project-headers.hmap -Xcc -I/Users/dakotabrown/Library/Developer/Xcode/DerivedData/LevelFitness-fkiitzvhhfbsekdujvliyktdgluz/Build/Products/Debug-iphonesimulator/include -Xcc -I/Users/dakotabrown/Library/Developer/Xcode/DerivedData/LevelFitness-fkiitzvhhfbsekdujvliyktdgluz/Build/Intermediates.noindex/LevelFitness.build/Debug-iphonesimulator/LevelFitness.build/DerivedSources-normal/arm64 -Xcc -I/Users/dakotabrown/Library/Developer/Xcode/DerivedData/LevelFitness-fkiitzvhhfbsekdujvliyktdgluz/Build/Intermediates.noindex/LevelFitness.build/Debug-iphonesimulator/LevelFitness.build/DerivedSources/arm64 -Xcc -I/Users/dakotabrown/Library/Developer/Xcode/DerivedData/LevelFitness-fkiitzvhhfbsekdujvliyktdgluz/Build/Intermediates.noindex/LevelFitness.build/Debug-iphonesimulator/LevelFitness.build/DerivedSources -Xcc -DDEBUG\=1 -module-name LevelFitness -frontend-parseable-output -disable-clang-spi -target-sdk-version 18.5 -target-sdk-name iphonesimulator18.5 -external-plugin-path /Applications/Xcode.app/Contents/Developer/Platforms/iPhoneOS.platform/Developer/usr/lib/swift/host/plugins\#/Applications/Xcode.app/Contents/Developer/Platforms/iPhoneOS.platform/Developer/usr/bin/swift-plugin-server -external-plugin-path /Applications/Xcode.app/Contents/Developer/Platforms/iPhoneOS.platform/Developer/usr/local/lib/swift/host/plugins\#/Applications/Xcode.app/Contents/Developer/Platforms/iPhoneOS.platform/Developer/usr/bin/swift-plugin-server -in-process-plugin-server-path /Applications/Xcode.app/Contents/Developer/Toolchains/XcodeDefault.xctoolchain/usr/lib/swift/host/libSwiftInProcPluginServer.dylib -plugin-path /Applications/Xcode.app/Contents/Developer/Toolchains/XcodeDefault.xctoolchain/usr/lib/swift/host/plugins -plugin-path /Applications/Xcode.app/Contents/Developer/Toolchains/XcodeDefault.xctoolchain/usr/local/lib/swift/host/plugins -o /Users/dakotabrown/Library/Developer/Xcode/DerivedData/LevelFitness-fkiitzvhhfbsekdujvliyktdgluz/Build/Intermediates.noindex/LevelFitness.build/Debug-iphonesimulator/LevelFitness.build/Objects-normal/arm64/TeamReviewStepViewController.o -o /Users/dakotabrown/Library/Developer/Xcode/DerivedData/LevelFitness-fkiitzvhhfbsekdujvliyktdgluz/Build/Intermediates.noindex/LevelFitness.build/Debug-iphonesimulator/LevelFitness.build/Objects-normal/arm64/TeamDetailLeagueViewController.o -o /Users/dakotabrown/Library/Developer/Xcode/DerivedData/LevelFitness-fkiitzvhhfbsekdujvliyktdgluz/Build/Intermediates.noindex/LevelFitness.build/Debug-iphonesimulator/LevelFitness.build/Objects-normal/arm64/AppDelegate.o -o /Users/dakotabrown/Library/Developer/Xcode/DerivedData/LevelFitness-fkiitzvhhfbsekdujvliyktdgluz/Build/Intermediates.noindex/LevelFitness.build/Debug-iphonesimulator/LevelFitness.build/Objects-normal/arm64/LoginViewController.o -o /Users/dakotabrown/Library/Developer/Xcode/DerivedData/LevelFitness-fkiitzvhhfbsekdujvliyktdgluz/Build/Intermediates.noindex/LevelFitness.build/Debug-iphonesimulator/LevelFitness.build/Objects-normal/arm64/GeneratedAssetSymbols.o -index-unit-output-path /LevelFitness.build/Debug-iphonesimulator/LevelFitness.build/Objects-normal/arm64/TeamReviewStepViewController.o -index-unit-output-path /LevelFitness.build/Debug-iphonesimulator/LevelFitness.build/Objects-normal/arm64/TeamDetailLeagueViewController.o -index-unit-output-path /LevelFitness.build/Debug-iphonesimulator/LevelFitness.build/Objects-normal/arm64/AppDelegate.o -index-unit-output-path /LevelFitness.build/Debug-iphonesimulator/LevelFitness.build/Objects-normal/arm64/LoginViewController.o -index-unit-output-path /LevelFitness.build/Debug-iphonesimulator/LevelFitness.build/Objects-normal/arm64/GeneratedAssetSymbols.o -index-store-path /Users/dakotabrown/Library/Developer/Xcode/DerivedData/LevelFitness-fkiitzvhhfbsekdujvliyktdgluz/Index.noindex/DataStore -index-system-modules

SwiftCompile normal arm64 /Users/dakotabrown/LevelFitness-IOS/LevelFitness/TeamReviewStepViewController.swift (in target 'LevelFitness' from project 'LevelFitness')
    cd /Users/dakotabrown/LevelFitness-IOS
    

SwiftCompile normal arm64 /Users/dakotabrown/LevelFitness-IOS/LevelFitness/TeamDetailLeagueViewController.swift (in target 'LevelFitness' from project 'LevelFitness')
    cd /Users/dakotabrown/LevelFitness-IOS
    
/Users/dakotabrown/LevelFitness-IOS/LevelFitness/TeamDetailLeagueViewController.swift:301:28: error: extra arguments at positions #2, #3, #5 in call
            LeaderboardUser(rank: 1, name: "Sarah M.", value: "125.4 mi", points: 1254, avatar: "SM"),
                           ^
/Users/dakotabrown/LevelFitness-IOS/LevelFitness/LeagueView.swift:3:8: note: 'init(id:username:rank:distance:workouts:points:)' declared here
struct LeaderboardUser {
       ^
/Users/dakotabrown/LevelFitness-IOS/LevelFitness/TeamDetailLeagueViewController.swift:301:28: error: missing arguments for parameters 'id', 'username', 'distance', 'workouts' in call
            LeaderboardUser(rank: 1, name: "Sarah M.", value: "125.4 mi", points: 1254, avatar: "SM"),
                           ^
/Users/dakotabrown/LevelFitness-IOS/LevelFitness/LeagueView.swift:3:8: note: 'init(id:username:rank:distance:workouts:points:)' declared here
struct LeaderboardUser {
       ^
/Users/dakotabrown/LevelFitness-IOS/LevelFitness/TeamDetailLeagueViewController.swift:302:28: error: extra arguments at positions #2, #3, #5 in call
            LeaderboardUser(rank: 2, name: "Mike R.", value: "98.7 mi", points: 987, avatar: "MR"),
                           ^
/Users/dakotabrown/LevelFitness-IOS/LevelFitness/LeagueView.swift:3:8: note: 'init(id:username:rank:distance:workouts:points:)' declared here
struct LeaderboardUser {
       ^
/Users/dakotabrown/LevelFitness-IOS/LevelFitness/TeamDetailLeagueViewController.swift:302:28: error: missing arguments for parameters 'id', 'username', 'distance', 'workouts' in call
            LeaderboardUser(rank: 2, name: "Mike R.", value: "98.7 mi", points: 987, avatar: "MR"),
                           ^
/Users/dakotabrown/LevelFitness-IOS/LevelFitness/LeagueView.swift:3:8: note: 'init(id:username:rank:distance:workouts:points:)' declared here
struct LeaderboardUser {
       ^
/Users/dakotabrown/LevelFitness-IOS/LevelFitness/TeamDetailLeagueViewController.swift:303:28: error: extra arguments at positions #2, #3, #5 in call
            LeaderboardUser(rank: 3, name: "Jessica L.", value: "87.2 mi", points: 872, avatar: "JL"),
                           ^
/Users/dakotabrown/LevelFitness-IOS/LevelFitness/LeagueView.swift:3:8: note: 'init(id:username:rank:distance:workouts:points:)' declared here
struct LeaderboardUser {
       ^
/Users/dakotabrown/LevelFitness-IOS/LevelFitness/TeamDetailLeagueViewController.swift:303:28: error: missing arguments for parameters 'id', 'username', 'distance', 'workouts' in call
            LeaderboardUser(rank: 3, name: "Jessica L.", value: "87.2 mi", points: 872, avatar: "JL"),
                           ^
/Users/dakotabrown/LevelFitness-IOS/LevelFitness/LeagueView.swift:3:8: note: 'init(id:username:rank:distance:workouts:points:)' declared here
struct LeaderboardUser {
       ^
/Users/dakotabrown/LevelFitness-IOS/LevelFitness/TeamDetailLeagueViewController.swift:304:28: error: extra arguments at positions #2, #3, #5 in call
            LeaderboardUser(rank: 4, name: "Tom W.", value: "76.8 mi", points: 768, avatar: "TW"),
                           ^
/Users/dakotabrown/LevelFitness-IOS/LevelFitness/LeagueView.swift:3:8: note: 'init(id:username:rank:distance:workouts:points:)' declared here
struct LeaderboardUser {
       ^
/Users/dakotabrown/LevelFitness-IOS/LevelFitness/TeamDetailLeagueViewController.swift:304:28: error: missing arguments for parameters 'id', 'username', 'distance', 'workouts' in call
            LeaderboardUser(rank: 4, name: "Tom W.", value: "76.8 mi", points: 768, avatar: "TW"),
                           ^
/Users/dakotabrown/LevelFitness-IOS/LevelFitness/LeagueView.swift:3:8: note: 'init(id:username:rank:distance:workouts:points:)' declared here
struct LeaderboardUser {
       ^
/Users/dakotabrown/LevelFitness-IOS/LevelFitness/TeamDetailLeagueViewController.swift:305:28: error: extra arguments at positions #2, #3, #5 in call
            LeaderboardUser(rank: 5, name: "Anna K.", value: "65.3 mi", points: 653, avatar: "AK")
                           ^
/Users/dakotabrown/LevelFitness-IOS/LevelFitness/LeagueView.swift:3:8: note: 'init(id:username:rank:distance:workouts:points:)' declared here
struct LeaderboardUser {
       ^
/Users/dakotabrown/LevelFitness-IOS/LevelFitness/TeamDetailLeagueViewController.swift:305:28: error: missing arguments for parameters 'id', 'username', 'distance', 'workouts' in call
            LeaderboardUser(rank: 5, name: "Anna K.", value: "65.3 mi", points: 653, avatar: "AK")
                           ^
/Users/dakotabrown/LevelFitness-IOS/LevelFitness/LeagueView.swift:3:8: note: 'init(id:username:rank:distance:workouts:points:)' declared here
struct LeaderboardUser {
       ^

SwiftCompile normal arm64 /Users/dakotabrown/LevelFitness-IOS/LevelFitness/AppDelegate.swift (in target 'LevelFitness' from project 'LevelFitness')
    cd /Users/dakotabrown/LevelFitness-IOS
    

SwiftCompile normal arm64 /Users/dakotabrown/LevelFitness-IOS/LevelFitness/LoginViewController.swift (in target 'LevelFitness' from project 'LevelFitness')
    cd /Users/dakotabrown/LevelFitness-IOS
    

SwiftCompile normal arm64 /Users/dakotabrown/Library/Developer/Xcode/DerivedData/LevelFitness-fkiitzvhhfbsekdujvliyktdgluz/Build/Intermediates.noindex/LevelFitness.build/Debug-iphonesimulator/LevelFitness.build/DerivedSources/GeneratedAssetSymbols.swift (in target 'LevelFitness' from project 'LevelFitness')
    cd /Users/dakotabrown/LevelFitness-IOS
    

SwiftEmitModule normal arm64 Emitting\ module\ for\ LevelFitness (in target 'LevelFitness' from project 'LevelFitness')
EmitSwiftModule normal arm64 (in target 'LevelFitness' from project 'LevelFitness')
    cd /Users/dakotabrown/LevelFitness-IOS
    

SwiftCompile normal arm64 Compiling\ EarningsHeaderView.swift,\ WorkoutsViewController.swift,\ WorkoutTabNavigationView.swift,\ WorkoutCard.swift,\ WorkoutSyncSourceCard.swift,\ WorkoutSyncView.swift /Users/dakotabrown/LevelFitness-IOS/LevelFitness/EarningsHeaderView.swift /Users/dakotabrown/LevelFitness-IOS/LevelFitness/WorkoutsViewController.swift /Users/dakotabrown/LevelFitness-IOS/LevelFitness/WorkoutTabNavigationView.swift /Users/dakotabrown/LevelFitness-IOS/LevelFitness/WorkoutCard.swift /Users/dakotabrown/LevelFitness-IOS/LevelFitness/WorkoutSyncSourceCard.swift /Users/dakotabrown/LevelFitness-IOS/LevelFitness/WorkoutSyncView.swift (in target 'LevelFitness' from project 'LevelFitness')

SwiftCompile normal arm64 /Users/dakotabrown/LevelFitness-IOS/LevelFitness/EarningsHeaderView.swift (in target 'LevelFitness' from project 'LevelFitness')
    cd /Users/dakotabrown/LevelFitness-IOS
    

SwiftCompile normal arm64 /Users/dakotabrown/LevelFitness-IOS/LevelFitness/WorkoutsViewController.swift (in target 'LevelFitness' from project 'LevelFitness')
    cd /Users/dakotabrown/LevelFitness-IOS
    

SwiftCompile normal arm64 /Users/dakotabrown/LevelFitness-IOS/LevelFitness/WorkoutTabNavigationView.swift (in target 'LevelFitness' from project 'LevelFitness')
    cd /Users/dakotabrown/LevelFitness-IOS
    

SwiftCompile normal arm64 /Users/dakotabrown/LevelFitness-IOS/LevelFitness/WorkoutCard.swift (in target 'LevelFitness' from project 'LevelFitness')
    cd /Users/dakotabrown/LevelFitness-IOS
    

SwiftCompile normal arm64 /Users/dakotabrown/LevelFitness-IOS/LevelFitness/WorkoutSyncSourceCard.swift (in target 'LevelFitness' from project 'LevelFitness')
    cd /Users/dakotabrown/LevelFitness-IOS
    

SwiftCompile normal arm64 /Users/dakotabrown/LevelFitness-IOS/LevelFitness/WorkoutSyncView.swift (in target 'LevelFitness' from project 'LevelFitness')
    cd /Users/dakotabrown/LevelFitness-IOS
    

SwiftEmitModule normal arm64 Emitting\ module\ for\ Auth (in target 'Auth' from project 'Supabase')
Command SwiftEmitModule failed with a nonzero exit code

** BUILD FAILED **


The following build commands failed:
	SwiftCompile normal arm64 Compiling\ TeamReviewStepViewController.swift,\ TeamDetailLeagueViewController.swift,\ AppDelegate.swift,\ LoginViewController.swift,\ GeneratedAssetSymbols.swift /Users/dakotabrown/LevelFitness-IOS/LevelFitness/TeamReviewStepViewController.swift /Users/dakotabrown/LevelFitness-IOS/LevelFitness/TeamDetailLeagueViewController.swift /Users/dakotabrown/LevelFitness-IOS/LevelFitness/AppDelegate.swift /Users/dakotabrown/LevelFitness-IOS/LevelFitness/LoginViewController.swift /Users/dakotabrown/Library/Developer/Xcode/DerivedData/LevelFitness-fkiitzvhhfbsekdujvliyktdgluz/Build/Intermediates.noindex/LevelFitness.build/Debug-iphonesimulator/LevelFitness.build/DerivedSources/GeneratedAssetSymbols.swift (in target 'LevelFitness' from project 'LevelFitness')
	SwiftCompile normal arm64 /Users/dakotabrown/LevelFitness-IOS/LevelFitness/TeamDetailLeagueViewController.swift (in target 'LevelFitness' from project 'LevelFitness')
	SwiftEmitModule normal arm64 Emitting\ module\ for\ Auth (in target 'Auth' from project 'Supabase')
	Building project LevelFitness with scheme LevelFitness
(4 failures)
